// Jest Snapshot v1, https://goo.gl/fbAQLP

exports[`<Base /> should render the children 1`] = `
.c0 {
  display: -webkit-box;
  display: -webkit-flex;
  display: -ms-flexbox;
  display: flex;
  -webkit-flex-direction: column;
  -ms-flex-direction: column;
  flex-direction: column;
  height: 100vh;
  -webkit-box-pack: justify;
  -webkit-justify-content: space-between;
  -ms-flex-pack: justify;
  justify-content: space-between;
}

<div
  class="c0"
>
  <div
    class=""
  >
    <h1>
      Title
    </h1>
  </div>
</div>
`;
